  Trwa okre┼Ťlanie projekt├│w do przywr├│cenia...
  Wszystkie projekty s─ů aktualne na potrzeby przywr├│cenia.
  Online-Chess-API.Core -> C:\Users\szymo\RiderProjects\Online-Chess-API\Online-Chess-API.Core\bin\Debug\net8.0\Online-Chess-API.Core.dll
C:\Users\szymo\RiderProjects\Online-Chess-API\Online-Chess-API.Infrastructure\Repositories\UserRepository.cs(19,20): warning CS8603: Mo┼╝liwe zwr├│cenie odwo┼éania o warto┼Ťci null. [C:\Users\szymo\RiderProjects\Online-Chess-API\Online-Chess-API.Infrastructure\Online-Chess-API.Infrastructure.csproj]
C:\Users\szymo\RiderProjects\Online-Chess-API\Online-Chess-API.Infrastructure\Repositories\UserRepository.cs(24,20): warning CS8603: Mo┼╝liwe zwr├│cenie odwo┼éania o warto┼Ťci null. [C:\Users\szymo\RiderProjects\Online-Chess-API\Online-Chess-API.Infrastructure\Online-Chess-API.Infrastructure.csproj]
C:\Users\szymo\RiderProjects\Online-Chess-API\Online-Chess-API.Infrastructure\Auth\AuthService.cs(74,47): warning CS8604: Mo┼╝liwy argument odwo┼éania o warto┼Ťci null dla parametru ÔÇ×sÔÇŁ w ÔÇ×byte[] Encoding.GetBytes(string s)ÔÇŁ. [C:\Users\szymo\RiderProjects\Online-Chess-API\Online-Chess-API.Infrastructure\Online-Chess-API.Infrastructure.csproj]
C:\Users\szymo\RiderProjects\Online-Chess-API\Online-Chess-API.Infrastructure\Repositories\ChessGameRepository.cs(57,20): warning CS8603: Mo┼╝liwe zwr├│cenie odwo┼éania o warto┼Ťci null. [C:\Users\szymo\RiderProjects\Online-Chess-API\Online-Chess-API.Infrastructure\Online-Chess-API.Infrastructure.csproj]
C:\Users\szymo\RiderProjects\Online-Chess-API\Online-Chess-API.Infrastructure\Repositories\CommentRepository.cs(39,20): warning CS8603: Mo┼╝liwe zwr├│cenie odwo┼éania o warto┼Ťci null. [C:\Users\szymo\RiderProjects\Online-Chess-API\Online-Chess-API.Infrastructure\Online-Chess-API.Infrastructure.csproj]
C:\Users\szymo\RiderProjects\Online-Chess-API\Online-Chess-API.Infrastructure\Repositories\ChessGameRepository.cs(151,25): error CS0136: Element lokalny lub parametr o nazwie ÔÇ×propertyÔÇŁ nie mo┼╝e zosta─ç zadeklarowany w tym zakresie, poniewa┼╝ ta nazwa jest ju┼╝ u┼╝yta w otaczaj─ůcym zakresie lokalnym do zdefiniowania elementu lokalnego lub parametru [C:\Users\szymo\RiderProjects\Online-Chess-API\Online-Chess-API.Infrastructure\Online-Chess-API.Infrastructure.csproj]
C:\Users\szymo\RiderProjects\Online-Chess-API\Online-Chess-API.Infrastructure\Repositories\ChessGameRepository.cs(113,77): warning CS8604: Mo┼╝liwy argument odwo┼éania o warto┼Ťci null dla parametru ÔÇ×methodÔÇŁ w ÔÇ×MethodCallExpression Expression.Call(Expression? instance, MethodInfo method, params Expression[]? arguments)ÔÇŁ. [C:\Users\szymo\RiderProjects\Online-Chess-API\Online-Chess-API.Infrastructure\Online-Chess-API.Infrastructure.csproj]

Kompilacja NIE POWIOD┼üA SI─ś.

C:\Users\szymo\RiderProjects\Online-Chess-API\Online-Chess-API.Infrastructure\Repositories\UserRepository.cs(19,20): warning CS8603: Mo┼╝liwe zwr├│cenie odwo┼éania o warto┼Ťci null. [C:\Users\szymo\RiderProjects\Online-Chess-API\Online-Chess-API.Infrastructure\Online-Chess-API.Infrastructure.csproj]
C:\Users\szymo\RiderProjects\Online-Chess-API\Online-Chess-API.Infrastructure\Repositories\UserRepository.cs(24,20): warning CS8603: Mo┼╝liwe zwr├│cenie odwo┼éania o warto┼Ťci null. [C:\Users\szymo\RiderProjects\Online-Chess-API\Online-Chess-API.Infrastructure\Online-Chess-API.Infrastructure.csproj]
C:\Users\szymo\RiderProjects\Online-Chess-API\Online-Chess-API.Infrastructure\Auth\AuthService.cs(74,47): warning CS8604: Mo┼╝liwy argument odwo┼éania o warto┼Ťci null dla parametru ÔÇ×sÔÇŁ w ÔÇ×byte[] Encoding.GetBytes(string s)ÔÇŁ. [C:\Users\szymo\RiderProjects\Online-Chess-API\Online-Chess-API.Infrastructure\Online-Chess-API.Infrastructure.csproj]
C:\Users\szymo\RiderProjects\Online-Chess-API\Online-Chess-API.Infrastructure\Repositories\ChessGameRepository.cs(57,20): warning CS8603: Mo┼╝liwe zwr├│cenie odwo┼éania o warto┼Ťci null. [C:\Users\szymo\RiderProjects\Online-Chess-API\Online-Chess-API.Infrastructure\Online-Chess-API.Infrastructure.csproj]
C:\Users\szymo\RiderProjects\Online-Chess-API\Online-Chess-API.Infrastructure\Repositories\CommentRepository.cs(39,20): warning CS8603: Mo┼╝liwe zwr├│cenie odwo┼éania o warto┼Ťci null. [C:\Users\szymo\RiderProjects\Online-Chess-API\Online-Chess-API.Infrastructure\Online-Chess-API.Infrastructure.csproj]
C:\Users\szymo\RiderProjects\Online-Chess-API\Online-Chess-API.Infrastructure\Repositories\ChessGameRepository.cs(113,77): warning CS8604: Mo┼╝liwy argument odwo┼éania o warto┼Ťci null dla parametru ÔÇ×methodÔÇŁ w ÔÇ×MethodCallExpression Expression.Call(Expression? instance, MethodInfo method, params Expression[]? arguments)ÔÇŁ. [C:\Users\szymo\RiderProjects\Online-Chess-API\Online-Chess-API.Infrastructure\Online-Chess-API.Infrastructure.csproj]
C:\Users\szymo\RiderProjects\Online-Chess-API\Online-Chess-API.Infrastructure\Repositories\ChessGameRepository.cs(151,25): error CS0136: Element lokalny lub parametr o nazwie ÔÇ×propertyÔÇŁ nie mo┼╝e zosta─ç zadeklarowany w tym zakresie, poniewa┼╝ ta nazwa jest ju┼╝ u┼╝yta w otaczaj─ůcym zakresie lokalnym do zdefiniowania elementu lokalnego lub parametru [C:\Users\szymo\RiderProjects\Online-Chess-API\Online-Chess-API.Infrastructure\Online-Chess-API.Infrastructure.csproj]
    Ostrze┼╝enia: 6
    Liczba b┼é─Öd├│w: 1

Czas, kt├│ry up┼éyn─ů┼é: 00:00:00.65
